>>> BG = __import__('7-base_geometry').BaseGeometry

>>> bg = BG()

>>> bg.integer_validator("my_int", 98)

>>> bg.integer_validator("name", Pythoned)
Traceback (most recent call last):
NameError: name 'Pythoned' is not defined

>>> bg.integer_validator("age", -98)
Traceback (most recent call last):
ValueError: age must be greater than 0

>>> bg.integer_validator("name", "Pythoned")
Traceback (most recent call last):
TypeError: name must be an integer

>>> bg.integer_validator("inted", 23, "floated")
Traceback (most recent call last):
TypeError: BaseGeometry.integer_validator() takes 3 positional arguments but 4 were given

>>> bg.integer_validator(35)
Traceback (most recent call last):
TypeError: BaseGeometry.integer_validator() missing 1 required positional argument: 'value'

>>> bg.integer_validator()
Traceback (most recent call last):
TypeError: BaseGeometry.integer_validator() missing 2 required positional arguments: 'name' and 'value'

>>> bg.area()
Traceback (most recent call last):
Exception: area() is not implemented

>>> bg.area(5, 2)
Traceback (most recent call last):
TypeError: BaseGeometry.area() takes 1 positional argument but 3 were given

>>> bg.area(bg)
Traceback (most recent call last):
TypeError: BaseGeometry.area() takes 1 positional argument but 2 were given
