>>> BG = __import__('7-base_geometry').BaseGeometry

>>> bg = BG()

>>> bg.area()
Traceback (most recent call last):
Exception: area() is not implemented

>>> bg.integer_validator("my_int", 98)

>>> bg.integer_validator("name", Pythoned)
Traceback (most recent call last):
NameError: name 'Pythoned' is not defined

>>> bg.integer_validator("age", -98)
Traceback (most recent call last):
ValueError: age must be greater than 0

>>> bg.integer_validator("name", "Pythoned")
Traceback (most recent call last):
TypeError: name must be an integer

>>> bg.integer_validator()
Traceback (most recent call last):
TypeError: BaseGeometry.integer_validator() missing 2 required positional arguments: 'name' and 'value'
